c:\users\jaxtin\source\repos\opengl-course\real opengl project\debug\vc143.pdb
c:\users\jaxtin\source\repos\opengl-course\real opengl project\debug\vc143.idb
c:\users\jaxtin\source\repos\opengl-course\real opengl project\debug\main.obj
c:\users\jaxtin\source\repos\opengl-course\real opengl project\debug\mesh.obj
c:\users\jaxtin\source\repos\opengl-course\real opengl project\debug\window.obj
c:\users\jaxtin\source\repos\opengl-course\real opengl project\debug\shader.obj
c:\users\jaxtin\source\repos\opengl-course\real opengl project\debug\camera.obj
c:\users\jaxtin\source\repos\opengl-course\real opengl project\debug\texture.obj
c:\users\jaxtin\source\repos\opengl-course\real opengl project\debug\light.obj
c:\users\jaxtin\source\repos\opengl-course\real opengl project\debug\material.obj
c:\users\jaxtin\source\repos\opengl-course\debug\real opengl project.exe
c:\users\jaxtin\source\repos\opengl-course\debug\real opengl project.pdb
c:\users\jaxtin\source\repos\opengl-course\real opengl project\debug\real opengl project.ilk
c:\users\jaxtin\source\repos\opengl-course\real opengl project\debug\real ope.38b28d49.tlog\cl.command.1.tlog
c:\users\jaxtin\source\repos\opengl-course\real opengl project\debug\real ope.38b28d49.tlog\cl.items.tlog
c:\users\jaxtin\source\repos\opengl-course\real opengl project\debug\real ope.38b28d49.tlog\cl.read.1.tlog
c:\users\jaxtin\source\repos\opengl-course\real opengl project\debug\real ope.38b28d49.tlog\cl.write.1.tlog
c:\users\jaxtin\source\repos\opengl-course\real opengl project\debug\real ope.38b28d49.tlog\link.command.1.tlog
c:\users\jaxtin\source\repos\opengl-course\real opengl project\debug\real ope.38b28d49.tlog\link.read.1.tlog
c:\users\jaxtin\source\repos\opengl-course\real opengl project\debug\real ope.38b28d49.tlog\link.secondary.1.tlog
c:\users\jaxtin\source\repos\opengl-course\real opengl project\debug\real ope.38b28d49.tlog\link.write.1.tlog
