  Camera.cpp
  DirectionalLight.cpp
  Light.cpp
  main.cpp
C:\Users\Jastin\source\repos\OPENGL LICENTA\Real OpenGL Project\Window.h(17,36): warning C4244: 'return': conversion from 'GLint' to 'GLfloat', possible loss of data
  (compiling source file 'main.cpp')
  
C:\Users\Jastin\source\repos\OPENGL LICENTA\Real OpenGL Project\Window.h(18,37): warning C4244: 'return': conversion from 'GLint' to 'GLfloat', possible loss of data
  (compiling source file 'main.cpp')
  
C:\Users\Jastin\source\repos\OPENGL LICENTA\Real OpenGL Project\main.cpp(211,15): warning C4244: 'initializing': conversion from 'double' to 'GLfloat', possible loss of data
  Material.cpp
  Mesh.cpp
  PointLight.cpp
  Shader.cpp
  SpotLight.cpp
  Texture.cpp
  Window.cpp
C:\Users\Jastin\source\repos\OPENGL LICENTA\Real OpenGL Project\Window.h(17,36): warning C4244: 'return': conversion from 'GLint' to 'GLfloat', possible loss of data
  (compiling source file 'Window.cpp')
  
C:\Users\Jastin\source\repos\OPENGL LICENTA\Real OpenGL Project\Window.h(18,37): warning C4244: 'return': conversion from 'GLint' to 'GLfloat', possible loss of data
  (compiling source file 'Window.cpp')
  
C:\Users\Jastin\source\repos\OPENGL LICENTA\Real OpenGL Project\Window.cpp(17,10): warning C4244: '=': conversion from 'GLfloat' to 'GLint', possible loss of data
C:\Users\Jastin\source\repos\OPENGL LICENTA\Real OpenGL Project\Window.cpp(18,11): warning C4244: '=': conversion from 'GLfloat' to 'GLint', possible loss of data
C:\Users\Jastin\source\repos\OPENGL LICENTA\Real OpenGL Project\Window.cpp(147,22): warning C4244: '=': conversion from 'double' to 'GLfloat', possible loss of data
C:\Users\Jastin\source\repos\OPENGL LICENTA\Real OpenGL Project\Window.cpp(148,22): warning C4244: '=': conversion from 'double' to 'GLfloat', possible loss of data
C:\Users\Jastin\source\repos\OPENGL LICENTA\Real OpenGL Project\Window.cpp(152,28): warning C4244: '=': conversion from 'double' to 'GLfloat', possible loss of data
C:\Users\Jastin\source\repos\OPENGL LICENTA\Real OpenGL Project\Window.cpp(154,40): warning C4244: '=': conversion from 'double' to 'GLfloat', possible loss of data
C:\Users\Jastin\source\repos\OPENGL LICENTA\Real OpenGL Project\Window.cpp(156,21): warning C4244: '=': conversion from 'double' to 'GLfloat', possible loss of data
C:\Users\Jastin\source\repos\OPENGL LICENTA\Real OpenGL Project\Window.cpp(157,21): warning C4244: '=': conversion from 'double' to 'GLfloat', possible loss of data
  Generating Code...
C:\Users\Jastin\source\repos\OPENGL LICENTA\Real OpenGL Project\Window.cpp(97): warning C4715: 'Window::Initialise': not all control paths return a value
LINK : warning LNK4098: defaultlib 'MSVCRT' conflicts with use of other libs; use /NODEFAULTLIB:library
  Real OpenGL Project.vcxproj -> C:\Users\Jastin\source\repos\OPENGL LICENTA\Debug\Real OpenGL Project.exe
