c:\users\jastin\desktop\licenta\project\opengl-course\real opengl project\release\vc143.pdb
c:\users\jastin\desktop\licenta\project\opengl-course\real opengl project\release\window.obj
c:\users\jastin\desktop\licenta\project\opengl-course\real opengl project\release\texture.obj
c:\users\jastin\desktop\licenta\project\opengl-course\real opengl project\release\spotlight.obj
c:\users\jastin\desktop\licenta\project\opengl-course\real opengl project\release\shader.obj
c:\users\jastin\desktop\licenta\project\opengl-course\real opengl project\release\pointlight.obj
c:\users\jastin\desktop\licenta\project\opengl-course\real opengl project\release\model.obj
c:\users\jastin\desktop\licenta\project\opengl-course\real opengl project\release\mesh.obj
c:\users\jastin\desktop\licenta\project\opengl-course\real opengl project\release\material.obj
c:\users\jastin\desktop\licenta\project\opengl-course\real opengl project\release\main.obj
c:\users\jastin\desktop\licenta\project\opengl-course\real opengl project\release\light.obj
c:\users\jastin\desktop\licenta\project\opengl-course\real opengl project\release\directionallight.obj
c:\users\jastin\desktop\licenta\project\opengl-course\real opengl project\release\camera.obj
c:\users\jastin\desktop\licenta\project\opengl-course\real opengl project\release\shadowmap.obj
c:\users\jastin\source\repos\opengl licenta\release\real opengl project.exe
c:\users\jastin\source\repos\opengl licenta\release\real opengl project.pdb
c:\users\jastin\desktop\licenta\project\opengl-course\real opengl project\release\real opengl project.ipdb
c:\users\jastin\desktop\licenta\project\opengl-course\real opengl project\release\real opengl project.iobj
c:\users\jastin\desktop\licenta\project\opengl-course\release\real opengl project.pdb
c:\users\jastin\desktop\licenta\project\opengl-course\release\real opengl project.exe
c:\users\jastin\desktop\licenta\project\opengl-course\real opengl project\release\real ope.38b28d49.tlog\cl.command.1.tlog
c:\users\jastin\desktop\licenta\project\opengl-course\real opengl project\release\real ope.38b28d49.tlog\cl.items.tlog
c:\users\jastin\desktop\licenta\project\opengl-course\real opengl project\release\real ope.38b28d49.tlog\cl.read.1.tlog
c:\users\jastin\desktop\licenta\project\opengl-course\real opengl project\release\real ope.38b28d49.tlog\cl.write.1.tlog
c:\users\jastin\desktop\licenta\project\opengl-course\real opengl project\release\real ope.38b28d49.tlog\link.command.1.tlog
c:\users\jastin\desktop\licenta\project\opengl-course\real opengl project\release\real ope.38b28d49.tlog\link.read.1.tlog
c:\users\jastin\desktop\licenta\project\opengl-course\real opengl project\release\real ope.38b28d49.tlog\link.secondary.1.tlog
c:\users\jastin\desktop\licenta\project\opengl-course\real opengl project\release\real ope.38b28d49.tlog\link.write.1.tlog
