  DirectionalLight.cpp
  Light.cpp
C:\Users\Jaxtin\source\repos\Licenta Project\OPENGL-Course\Real OpenGL Project\Light.cpp(17,31): warning C4244: 'argument': conversion from 'GLfloat' to 'GLuint', possible loss of data
C:\Users\Jaxtin\source\repos\Licenta Project\OPENGL-Course\Real OpenGL Project\Light.cpp(17,18): warning C4244: 'argument': conversion from 'GLfloat' to 'GLuint', possible loss of data
  OmniShadowMap.cpp
  PointLight.cpp
C:\Users\Jaxtin\source\repos\Licenta Project\OPENGL-Course\Real OpenGL Project\PointLight.cpp(31,31): warning C4244: 'argument': conversion from 'GLfloat' to 'GLuint', possible loss of data
C:\Users\Jaxtin\source\repos\Licenta Project\OPENGL-Course\Real OpenGL Project\PointLight.cpp(31,18): warning C4244: 'argument': conversion from 'GLfloat' to 'GLuint', possible loss of data
  Shader.cpp
  ShadowMap.cpp
  SpotLight.cpp
  main.cpp
C:\Users\Jaxtin\source\repos\Licenta Project\OPENGL-Course\Real OpenGL Project\Window.h(17,36): warning C4244: 'return': conversion from 'GLint' to 'GLfloat', possible loss of data
  (compiling source file 'main.cpp')
  
C:\Users\Jaxtin\source\repos\Licenta Project\OPENGL-Course\Real OpenGL Project\Window.h(18,37): warning C4244: 'return': conversion from 'GLint' to 'GLfloat', possible loss of data
  (compiling source file 'main.cpp')
  
C:\Users\Jaxtin\source\repos\Licenta Project\OPENGL-Course\Real OpenGL Project\main.cpp(370,15): warning C4244: 'initializing': conversion from 'double' to 'GLfloat', possible loss of data
  Generating code
  0 of 915 functions ( 0.0%) were compiled, the rest were copied from previous compilation.
    0 functions were new in current compilation
    0 functions had inline decision re-evaluated but remain unchanged
  Finished generating code
  Real OpenGL Project.vcxproj -> C:\Users\Jaxtin\source\repos\Licenta Project\OPENGL-Course\Release\Real OpenGL Project.exe
